World Assembly Capsule Kernel proof receipt

Contract note:
- Capsule v1 restores completed/failed capsule slot metadata after validation.
- Parked and active-Fabric capsules freeze and thaw for inspection/replay, but
  mutating restore fails closed before Runspace mutation until an executable
  continuation witness exists.

Toolchain:
- zig version => 0.16.0

Current-tree refresh:
- refreshed_at => 2026-06-07T22:45:30Z
- regression => capsule link images without linker policy fingerprints reject through LinkImage.validate and Image.validate

Completed commands:
- zig fmt --check build.zig src examples test
- git diff --check
- zig build --summary all
  - Build Summary: 6/6 steps succeeded; 440/440 tests passed
- zig build check --summary all
  - Build Summary: 162/162 steps succeeded; 440/440 tests passed
- zig build world-wasm
  - wasm_artifact=./.zig-cache/o/462b44d9ff659135ec7023891e002a13/world_wasm_guest_one_port.wasm
  - abi_version=1
  - export_count=19
  - forbidden_imports=0
- zig build check-world-wasm
  - passed
- zig build run-world-capsule-linked-restore
- zig build run-world-capsule-active-fabric
- zig build run-world-capsule-agent-transfer
- zig build run-world-capsule-relink-mismatch
- zig build run-world-capsule-guest-verify
- zig build run-world-capsule-supervised-restore
- zig build test --summary none -- --test-filter "capsule"
- zig build test --summary none -- --test-filter "quiescence"
- zig build test --summary none -- --test-filter "capsule manifest"
- zig build test --summary none -- --test-filter "runspace image"
- zig build test --summary none -- --test-filter "run slot image"
- zig build test --summary none -- --test-filter "mailbox image"
- zig build test --summary none -- --test-filter "fabric image"
- zig build test --summary none -- --test-filter "link image"
- zig build test --summary none -- --test-filter "freeze"
- zig build test --summary none -- --test-filter "thaw"
- zig build test --summary none -- --test-filter "relink"
- zig build test --summary none -- --test-filter "active fabric restore"
- zig build test --summary none -- --test-filter "capsule handoff"
- zig build test --summary none -- --test-filter "capsule agent"
- zig build lint -- --max-warnings 0

Compatibility repair:
- Non-capsule AdmissionReport fingerprints remain stable by hashing capsule refs
  only when at least one capsule ref is present.
- Affected existing examples rerun and passed:
  - zig build run-world-admission-reference
  - zig build run-world-admission-parked-handoff
  - zig build run-world-admission-replay-verify
  - zig build run-world-admission-agent-transfer
  - zig build run-world-runspace-handoff

$st state:
- Capsule implementation tasks st-299 through st-307 completed.
- Capsule governing invariant/data-flow atoms st-287 through st-298 completed.
- st prime reports no projectable frontier.
