World Continuity fixed-point review completed.

Review gates:
- No duplicate truth owner found: Continuity owns local object identity, envelopes, vault storage, graphs, bundles, indexes, and recovery preflight; Capsule/Actuation expose only explicit helpers.
- No non-goal leak found: implementation remains in-memory, local, explicit, and does not add xitdb, files, network, scheduler, async runtime, signing, encryption, real integrations, or auto-persistence hooks.
- Envelope-only authority check found and fixed: diagnostic label/metadata bytes no longer alter ObjectRef or ObjectEnvelope identity.
- Ownership check found and fixed: ObjectGraph traversal now clones refs at stack/result ownership boundaries and deinitializes them deterministically.
- One-change challenge produced no further required code change after fixes.

Proof:
- zig fmt src/world.zig build.zig --check
- zig build test --summary none -- --test-filter "object ref"
- zig build test --summary none -- --test-filter "object envelope"
- zig build test --summary none -- --test-filter "object graph"
- zig build test --summary none -- --test-filter "capsule graph"
- zig build test --summary none -- --test-filter "actuation graph"
- zig build test --summary none -- --test-filter "actuation index"
- zig build test --summary none -- --test-filter "continuity"
- zig build test --summary none -- --test-filter "memory vault"
- zig build test --summary none -- --test-filter "bundle"
- zig build test --summary none -- --test-filter "recovery"
- git diff --check
